/**
 * This file is partially generated. Only make modifications between BEGIN MANUAL SECTION and END MANUAL SECTION designators.
 *
 * @partially-generated SignedSource<<bb86c0cc6ce3c7c24439ea3d017d91942c8a7fa27c1fc459d6f047bd08bb633938f247184f82acf505c2a7b6093b4faf6a4d4b0acaaf94b6e24e3f35e29f92d7>>
 */
package foopackage
